main.c:71:13:mqtt_incoming_data_cb	24	static
main.c:98:13:mqtt_incoming_publish_cb	24	static
main.c:115:13:mqtt_sub_request_cb	16	static
main.c:124:13:mqtt_connection_cb	40	static
main.c:151:6:example_do_connect	64	static
main.c:180:13:mqtt_pub_request_cb	16	static
main.c:191:6:example_publish	40	static
main.c:203:6:HAL_TIM_PeriodElapsedCallback	16	static
main.c:220:5:main	8	static
main.c:274:6:SystemClock_Config	88	static
main.c:318:13:MX_TIM3_Init	32	static
main.c:363:13:MX_GPIO_Init	48	static
main.c:394:6:Error_Handler	4	static,ignoring_inline_asm
